    Checking kernel v0.1.0 (/tmp/axiomos-cl4fmagents-transactional-publication/kernel)
warning: unused import: `VirtAddr`
  --> kernel/src/mcore/mtask/process/trampoline.rs:26:39
   |
26 | use crate::arch::{PageSize, Size4KiB, VirtAddr};
   |                                       ^^^^^^^^
   |
   = note: `#[warn(unused_imports)]` (part of `#[warn(unused)]`) on by default

warning: variable `handled_events` is assigned to, but never used
   --> kernel/src/arch/aarch64/platform/rpi5/gpio.rs:555:9
    |
555 |     let mut handled_events = 0u32;
    |         ^^^^^^^^^^^^^^^^^^
    |
    = note: consider using `_handled_events` instead
    = note: `#[warn(unused_variables)]` (part of `#[warn(unused)]`) on by default

warning: unused variable: `pending_after`
   --> kernel/src/arch/aarch64/platform/rpi5/gpio.rs:650:9
    |
650 |     let pending_after = gpio.pending_pcie_interrupts();
    |         ^^^^^^^^^^^^^ help: if this is intentional, prefix it with an underscore: `_pending_after`

warning: value assigned to `handled_events` is never read
   --> kernel/src/arch/aarch64/platform/rpi5/gpio.rs:572:13
    |
572 |             handled_events += 1;
    |             ^^^^^^^^^^^^^^^^^^^
    |
    = help: maybe it is overwritten before being read?
    = note: `#[warn(unused_assignments)]` (part of `#[warn(unused)]`) on by default

warning: variant `KernelImage` is never constructed
   --> kernel/src/bpf/mod.rs:330:5
    |
328 | enum LoadAuthentication {
    |      ------------------ variant in this enum
329 |     Runtime(AuthenticationProvenance),
330 |     KernelImage,
    |     ^^^^^^^^^^^
    |
    = note: `LoadAuthentication` has derived impls for the traits `Clone` and `Debug`, but these are intentionally ignored during dead code analysis
    = note: `#[warn(dead_code)]` (part of `#[warn(unused)]`) on by default

warning: method `load_kernel_builtin_program` is never used
    --> kernel/src/bpf/mod.rs:1334:19
     |
 604 | impl BpfManager {
     | --------------- method in this implementation
...
1334 |     pub(crate) fn load_kernel_builtin_program(
     |                   ^^^^^^^^^^^^^^^^^^^^^^^^^^^

warning: function `require_result` is never used
  --> kernel/src/driver/virtio/hal.rs:59:4
   |
59 | fn require_result<T, E>(result: Result<T, E>, code: &'static str) -> T {
   |    ^^^^^^^^^^^^^^

warning: function `require_some` is never used
  --> kernel/src/driver/virtio/hal.rs:66:4
   |
66 | fn require_some<T>(value: Option<T>, code: &'static str) -> T {
   |    ^^^^^^^^^^^^

warning: method `subscribe` is never used
   --> kernel/src/mcore/mtask/scheduler/wait_channel.rs:138:19
    |
 99 | impl<W: WaiterSink> WaitChannel<W> {
    | ---------------------------------- method in this implementation
...
138 |     pub(crate) fn subscribe(&self) -> WaitRegistration<'_, W> {
    |                   ^^^^^^^^^

warning: struct `WaitRegistration` is never constructed
   --> kernel/src/mcore/mtask/scheduler/wait_channel.rs:178:12
    |
178 | pub struct WaitRegistration<'a, W: WaiterSink> {
    |            ^^^^^^^^^^^^^^^^

warning: method `park` is never used
   --> kernel/src/mcore/mtask/scheduler/wait_channel.rs:184:12
    |
183 | impl<'a, W: WaiterSink> WaitRegistration<'a, W> {
    | ----------------------------------------------- method in this implementation
184 |     pub fn park(self, item: W::Item) {
    |            ^^^^

warning: method `shootdown_targets` is never used
   --> kernel/src/mem/address_space/mod.rs:593:19
    |
229 | impl AddressSpace {
    | ----------------- method in this implementation
...
593 |     pub(crate) fn shootdown_targets(&self) -> u64 {
    |                   ^^^^^^^^^^^^^^^^^

warning: `kernel` (lib) generated 12 warnings (run `cargo fix --lib -p kernel` to apply 2 suggestions)
    Finished `dev` profile [unoptimized + debuginfo] target(s) in 0.87s
