   Compiling kernel v0.1.0 (/tmp/axiomos-cl4fmagents-transactional-publication/kernel)
warning: variant `KernelImage` is never constructed
   --> kernel/src/bpf/mod.rs:330:5
    |
328 | enum LoadAuthentication {
    |      ------------------ variant in this enum
329 |     Runtime(AuthenticationProvenance),
330 |     KernelImage,
    |     ^^^^^^^^^^^
    |
    = note: `LoadAuthentication` has derived impls for the traits `Clone` and `Debug`, but these are intentionally ignored during dead code analysis
    = note: `#[warn(dead_code)]` (part of `#[warn(unused)]`) on by default

warning: method `load_kernel_builtin_program` is never used
    --> kernel/src/bpf/mod.rs:1334:19
     |
 604 | impl BpfManager {
     | --------------- method in this implementation
...
1334 |     pub(crate) fn load_kernel_builtin_program(
     |                   ^^^^^^^^^^^^^^^^^^^^^^^^^^^

warning: field `interrupts_enabled` is never read
  --> kernel/src/driver/iio.rs:93:5
   |
91 | struct V04DispatchGuard<'a> {
   |        ---------------- field in this struct
92 |     slot: &'a AtomicU64,
93 |     interrupts_enabled: bool,
   |     ^^^^^^^^^^^^^^^^^^

warning: method `subscribe` is never used
   --> kernel/src/mcore/mtask/scheduler/wait_channel.rs:138:19
    |
 99 | impl<W: WaiterSink> WaitChannel<W> {
    | ---------------------------------- method in this implementation
...
138 |     pub(crate) fn subscribe(&self) -> WaitRegistration<'_, W> {
    |                   ^^^^^^^^^

warning: struct `WaitRegistration` is never constructed
   --> kernel/src/mcore/mtask/scheduler/wait_channel.rs:178:12
    |
178 | pub struct WaitRegistration<'a, W: WaiterSink> {
    |            ^^^^^^^^^^^^^^^^

warning: method `park` is never used
   --> kernel/src/mcore/mtask/scheduler/wait_channel.rs:184:12
    |
183 | impl<'a, W: WaiterSink> WaitRegistration<'a, W> {
    | ----------------------------------------------- method in this implementation
184 |     pub fn park(self, item: W::Item) {
    |            ^^^^

warning: `kernel` (lib) generated 6 warnings
    Finished `test` profile [unoptimized + debuginfo] target(s) in 0.94s
     Running tests/bpf_update_transaction.rs (/home/utkarsh/Work/axiomOS/target/debug/deps/bpf_update_transaction-f56414b7431b5af7)

running 1 test
test replacement_rejections_preserve_publication_accounting_and_aba_identity ... ok

test result: ok. 1 passed; 0 failed; 0 ignored; 0 measured; 0 filtered out; finished in 0.01s

