
  1.03 RPi: BOOTSYS release VERSION:69471177 DATE: 2025/05/08 TIME: 15:13:17
  1.03 BOOTMODE: 0x06 partition 0 build-ts BUILD_TIMESTAMP=1746713597 serial e0b94e0a boardrev d04170 stc 1038858
  1.04 AON_RESET: 00000003 PM_RSTS 00001000
  1.05 POWER_OFF_ON_HALT: 0 WAIT_FOR_POWER_BUTTON 0 power-on-reset 1
  1.06 RP1_BOOT chip ID: 0x20001927
  1.06 PCIEx1: PWR 0 DET_WAKE 0
  1.06 part 00000000 reset_info 00000000
  1.07 PMIC reset-event 00000000 rtc 00000001 alarm 00000000 enabled 0
  1.07 uSD voltage 3.3V
  1.19 Initialising SDRAM rank 2 total-size: 64 Gbit 4267 (0x14 0x00)
  1.19 DDR 4267 1 0 64 152 BL:1
  3.01 OTP boardrev d04170 bootrom a a
  3.01 Customer key hash 0000000000000000000000000000000000000000000000000000000000000000
  3.02 VC-JTAG unlocked
  3.04 RP1_BOOT chip ID: 0x20001927

  3.68 RP1_BOOT chip ID: 0x20001927
  3.69 RP1_BOOT: fw size 46888
  4.32 PCI2 init
  4.32 PCI2 reset
  4.37 PCIe scan 00001de4:00000001
  4.37 RP1_CHIP_INFO 20001927

  4.37 RPi: BOOTLOADER release VERSION:69471177 DATE: 2025/05/08 TIME: 15:13:17
  4.38 BOOTMODE: 0x06 partition 0 build-ts BUILD_TIMESTAMP=1746713597 serial e0b94e0a boardrev d04170 stc 4383198
  4.41 usb_pd_init status 3
  4.41 USB_PD CONFIG 0 41
  4.42 XHCI-STOP
  4.42 xHC0 ver: 272 HCS: 03000440 140000f1 07ff000a HCC: 0240fe6d
  4.42 USBSTS 1
  4.43 xHC0 ver: 272 HCS: 03000440 140000f1 07ff000a HCC: 0240fe6d
  4.43 xHC0 ports 3 slots 64 intrs 4
  4.44 XHCI-STOP
  4.44 xHC1 ver: 272 HCS: 03000440 140000f1 07ff000a HCC: 0240fe6d
  4.45 USBSTS 1
  4.45 xHC1 ver: 272 HCS: 03000440 140000f1 07ff000a HCC: 0240fe6d
  4.45 xHC1 ports 3 slots 64 intrs 4
  4.67 Boot mode: SD (01) order f4
  4.96 USB-PD: src-cap PDO object1 0x0a0191f4
  4.96 Current 5000 mA
  4.97 Voltage 5000 mV
  4.97 USB-PD: src-cap PDO object2 0x0002d12c
  4.97 Current 3000 mA
  4.97 Voltage 9000 mV
  4.98 USB-PD: src-cap PDO object3 0x0003c0e1
  4.98 Current 2250 mA
  4.98 Voltage 12000 mV
  4.98 USB-PD: src-cap PDO object4 0x0004b0b4
  4.99 Current 1800 mA
  4.99 Voltage 15000 mV
  5.01 SD HOST: 200000000 CTL0: 0x00800000 BUS: 400000 Hz actual: 390625 HZ div: 512 (256) status: 0x1fff0000 delay: 276
  5.02 SD HOST: 200000000 CTL0: 0x00800f00 BUS: 400000 Hz actual: 390625 HZ div: 512 (256) status: 0x1fff0000 delay: 276
  5.20 OCR c0ff8000 [279]
CID: 00035344534e31323886992f54e00184
CSD: 400e0032db790003b8ab7f800a404000
  5.21 SD: bus-width: 4 spec: 2 SCR: 0x02458487 0x00000000
  5.22 SD HOST: 200000000 CTL0: 0x00800f04 BUS: 50000000 Hz actual: 50000000 HZ div: 4 (2) status: 0x1fff0000 delay: 2
  5.23 MBR: 0x00000001,249737215 type: 0xee
  5.23 MBR: 0x00000000,       0 type: 0x00
  5.24 MBR: 0x00000000,       0 type: 0x00
  5.24 MBR: 0x00000000,       0 type: 0x00
  5.49 Trying partition: 0
  5.25 GPT 08dcc9a6b1124140b41a52ace9cca33e 000000001 00ee2afff num-partitions 128 entry-size 128 pentry 2 first 0
  5.26 GPT partition: 0 c12a7328-f81f-11d2-ba4b-00a0c93ec93b 000000800..0001007ff
  5.26 Matched GUID bootable-part-idx 0 want partition 0
  5.74 type: 32 lba: 2048 'mkfs.fat' ' NO NAME    ' clusters 130812 (8)
  5.28 rsc 32 fat-sectors 1024 root dir cluster 2 sectors 0 entries 0
  5.28 FAT32 clusters 130812
  5.29 [sdcard] autoboot.txt not found
  5.29 Select partition rsts 0 C(boot_partition) 0 EEPROM config 0 result 1
  5.01 Trying partition: 1
  5.30 GPT 08dcc9a6b1124140b41a52ace9cca33e 000000001 00ee2afff num-partitions 128 entry-size 128 pentry 2 first 0
  5.31 GPT partition: 0 c12a7328-f81f-11d2-ba4b-00a0c93ec93b 000000800..0001007ff
  5.32 Matched GUID bootable-part-idx 0 want partition 0
  5.26 type: 32 lba: 2048 'mkfs.fat' ' NO NAME    ' clusters 130812 (8)
  5.33 rsc 32 fat-sectors 1024 root dir cluster 2 sectors 0 entries 0
  5.33 FAT32 clusters 130812
  5.43 Read config.txt bytes      163 hnd 0x3349
  5.34 [sdcard] pieeprom.upd not found
  5.49 usb_max_current_enable default 0 max-current 5000
  5.64 Read bcm2712-rpi-5-b.dtb bytes    78765 hnd 0x314e
  5.36 dt-match: compatible: raspberrypi,5-model-b match: brcm,bcm2712
  5.37 dt-match: compatible: brcm,bcm2712 match: brcm,bcm2712
  5.38 MESS:00:00:05.380273:0: *** Restart logging
  5.83 Read /config.txt bytes      163 hnd 0x3349
  5.88 Read /config.txt bytes      163 hnd 0x3349
  5.39 MESS:00:00:05.394594:0: Initial voltage 800000 temp 30685
  5.59 MESS:00:00:05.595187:0: avs_2712: AVS pred 8908 890800 temp 32334
  5.59 MESS:00:00:05.598789:0: vpred 890 mV +0
  5.60 MESS:00:00:05.607481:0: FB framebuffer_swap 1
  5.62 MESS:00:00:05.626864:0: Select resolution HDMI0/2 hotplug 0 max_mode 2
  5.63 MESS:00:00:05.630919:0: Select resolution HDMI1/2 hotplug 0 max_mode 2
  5.64 MESS:00:00:05.647443:0: dtb_file 'bcm2712-rpi-5-b.dtb'
  5.65 Loading 'bcm2712-rpi-5-b.dtb' to 0x00000000 offset 0x100
  5.60 Read bcm2712-rpi-5-b.dtb bytes    78765 hnd 0x314e
  5.00 Read /overlays/overlay_map.dtb bytes     5887 hnd 0x2f80
  5.73 PCIEx1: PWR 0 DET_WAKE 0
  5.44 Read /config.txt bytes      163 hnd 0x3349
  5.59 Read /overlays/disable-bt-pi5.dtbo bytes      271 hnd 0x302e
  5.76 MESS:00:00:05.768455:0: Loaded overlay 'disable-bt-pi5'
  5.39 Read /cmdline.txt bytes        0 hnd 0x0
  5.84 MESS:00:00:05.841236:0: Failed to read command line file 'cmdline.txt'
  6.02 MESS:00:00:06.026365:0: RPM 197, max RPM 290
  6.08 BMD "armstub8-2712.bin" not found
  6.84 fs_open: 'armstub8-2712.bin' 
  6.08 Loading 'kernel8.img' to 0x00000000 offset 0x200000
  7.01 Read kernel8.img bytes 21537416 hnd 0x10222
  7.01 MESS:00:00:07.014166:0: Kernel relocated to 0x80000
  7.01 MESS:00:00:07.016552:0: Device tree loaded to 0x2efec600 (size 0x13971)
  7.02 PCI1 reset
  7.03 set_reboot_order 0
  7.03 set_reboot_arg1 0
  7.03 USB-OTG disconnect
  7.07 MESS:00:00:07.078848:0: Starting OS 7078 ms
  7.08 MESS:00:00:07.084371:0: 00000040: -> 00000480
  7.08 MESS:00:00:07.086225:0: 00000030: -> 00100080
  7.09 MESS:00:00:07.090937:0: 00000034: -> 00100080
  7.09 MESS:00:00:07.095650:0: 00000038: -> 00100080
  7.10 MESS:00:00:07.100363:0: 0000003c: -> 00100080

NOTICE:  BL31: v2.6(release):v2.6-240-gfc45bc492
NOTICE:  BL31: Built : 12:55:13, Dec  4 2024
{|}PI5_V03C n=1000 escapes=0 safed=450 seed=0x5652303343000001
PI5_PAD_SELFTEST drive_high=0x06ae2200 drive_low=0x06702000 toggled=true
PI5_MA ns=111
PI5_OUT_ARM mode=gpio gpio=12 code=0 estop_asserted=false gpio12_ctrl=0x0000f085 gpio12_pad=0x00000056
PI5_BENCH_READY sensor_gpio=23 estop_gpio=24 pwm_gpio=12 initial_estop_asserted=false sensor_status=0x04400000 sensor_ctrl=0x00208085 sensor_pad=0x000000d6 estop_status=0x088e0000 estop_ctrl=0x00308085 pcie_inte=0x01800000 raw=0x00000000 rp1_chip_id=0x20001927 rp1_vendor_device=0x00011de4 rp1_msix_cap=0xb0 rp1_msix_vectors=61 rp1_msix_control=0x803c0011 rp1_msix0_cfg=0x00000009 pcie_link=0x0003e0b0

AXIOM KERNEL METRICS
Boot to init: 258 ms
Kernel heap: 30788 KB
Kernel image: 20 MB

INIT_PROCESS_STARTED pid=1
PI5_BOOT_OK
USERCOPY_EFAULT_OK
UNKNOWN_SYSCALL_ENOSYS_OK
NANOSLEEP_WAITQ_BENCH_NS=348596222
NANOSLEEP_WAITQ_OK
NANOSLEEP_INTERRUPT_OK
PIPE_WAIT_READER_DATA_OK
PIPE_WAIT_READER_EOF_OK
PIPE_WAITQ_OK
CHILD_WAIT_BEFORE_EXIT_OK
CHILD_EXIT_BEFORE_WAIT_OK
LIFECYCLE_EXIT_WAIT_OK
LIFECYCLE_FAULT_WAIT_OK
LIFECYCLE_EXEC_REJECT_OK
Hello from parent, waiting for child...
Hello from child!
Child exited with 42! Success.
LIFECYCLE_EXEC_WAIT_OK
BPF_FOREIGN_OWNER_DENY_OK
=== axiomos eBPF init ===
Spawning /bin/signed_bpf_loader...
SIGNED_BPF_LOAD_OK
Spawned PID: 14
PI5_MA ns=611
PI5_MC ns=8203 kind=gpio ch=12 val=0
PI5_GPIO_IRQ_DIAG pending_before=0x00800000 sensor_events=0x00a00000 handled=1 pending_after=0x00000000
PI5_GPIO_IRQ_PROVEN pin=23 pending_before=0x00800000 pending_after=0x00000000
