
  1.04 RPi: BOOTSYS release VERSION:69471177 DATE: 2025/05/08 TIME: 15:13:17
  1.04 BOOTMODE: 0x06 partition 0 build-ts BUILD_TIMESTAMP=1746713597 serial e0b94e0a boardrev d04170 stc 1045105
  1.05 AON_RESET: 00000003 PM_RSTS 00001000
  1.05 POWER_OFF_ON_HALT: 0 WAIT_FOR_POWER_BUTTON 0 power-on-reset 1
  1.06 RP1_BOOT chip ID: 0x20001927
  1.07 PCIEx1: PWR 0 DET_WAKE 0
  1.07 part 00000000 reset_info 00000000
  1.07 PMIC reset-event 00000000 rtc 00000001 alarm 00000000 enabled 0
  1.08 uSD voltage 3.3V
  1.20 Initialising SDRAM rank 2 total-size: 64 Gbit 4267 (0x14 0x00)
  1.20 DDR 4267 1 0 64 152 BL:1
  3.05 OTP boardrev d04170 bootrom a a
  3.05 Customer key hash 0000000000000000000000000000000000000000000000000000000000000000
  3.05 VC-JTAG unlocked
  3.08 RP1_BOOT chip ID: 0x20001927

  3.72 RP1_BOOT chip ID: 0x20001927
  3.72 RP1_BOOT: fw size 46888
  4.36 PCI2 init
  4.36 PCI2 reset
  4.40 PCIe scan 00001de4:00000001
  4.40 RP1_CHIP_INFO 20001927

  4.40 RPi: BOOTLOADER release VERSION:69471177 DATE: 2025/05/08 TIME: 15:13:17
  4.41 BOOTMODE: 0x06 partition 0 build-ts BUILD_TIMESTAMP=1746713597 serial e0b94e0a boardrev d04170 stc 4416709
  4.45 usb_pd_init status 3
  4.45 USB_PD CONFIG 0 41
  4.45 XHCI-STOP
  4.45 xHC0 ver: 272 HCS: 03000440 140000f1 07ff000a HCC: 0240fe6d
  4.46 USBSTS 1
  4.46 xHC0 ver: 272 HCS: 03000440 140000f1 07ff000a HCC: 0240fe6d
  4.46 xHC0 ports 3 slots 64 intrs 4
  4.48 XHCI-STOP
  4.48 xHC1 ver: 272 HCS: 03000440 140000f1 07ff000a HCC: 0240fe6d
  4.48 USBSTS 1
  4.49 xHC1 ver: 272 HCS: 03000440 140000f1 07ff000a HCC: 0240fe6d
  4.49 xHC1 ports 3 slots 64 intrs 4
  4.50 USB-PD: src-cap PDO object1 0x0a0191f4
  4.50 Current 5000 mA
  4.50 Voltage 5000 mV
  4.51 USB-PD: src-cap PDO object2 0x0002d12c
  4.51 Current 3000 mA
  4.51 Voltage 9000 mV
  4.51 USB-PD: src-cap PDO object3 0x0003c0e1
  4.52 Current 2250 mA
  4.52 Voltage 12000 mV
  4.52 USB-PD: src-cap PDO object4 0x0004b0b4
  4.53 Current 1800 mA
  4.53 Voltage 15000 mV
  4.36 Boot mode: SD (01) order f4
  5.05 SD HOST: 200000000 CTL0: 0x00800000 BUS: 400000 Hz actual: 390625 HZ div: 512 (256) status: 0x1fff0000 delay: 276
  5.06 SD HOST: 200000000 CTL0: 0x00800f00 BUS: 400000 Hz actual: 390625 HZ div: 512 (256) status: 0x1fff0000 delay: 276
  5.25 OCR c0ff8000 [280]
CID: 00035344534e31323886992f54e00184
CSD: 400e0032db790003b8ab7f800a404000
  5.25 SD: bus-width: 4 spec: 2 SCR: 0x02458487 0x00000000
  5.26 SD HOST: 200000000 CTL0: 0x00800f04 BUS: 50000000 Hz actual: 50000000 HZ div: 4 (2) status: 0x1fff0000 delay: 2
  5.27 MBR: 0x00000001,249737215 type: 0xee
  5.28 MBR: 0x00000000,       0 type: 0x00
  5.28 MBR: 0x00000000,       0 type: 0x00
  5.28 MBR: 0x00000000,       0 type: 0x00
  5.91 Trying partition: 0
  5.29 GPT 08dcc9a6b1124140b41a52ace9cca33e 000000001 00ee2afff num-partitions 128 entry-size 128 pentry 2 first 0
  5.30 GPT partition: 0 c12a7328-f81f-11d2-ba4b-00a0c93ec93b 000000800..0001007ff
  5.31 Matched GUID bootable-part-idx 0 want partition 0
  5.16 type: 32 lba: 2048 'mkfs.fat' ' NO NAME    ' clusters 130812 (8)
  5.32 rsc 32 fat-sectors 1024 root dir cluster 2 sectors 0 entries 0
  5.32 FAT32 clusters 130812
  5.33 [sdcard] autoboot.txt not found
  5.33 Select partition rsts 0 C(boot_partition) 0 EEPROM config 0 result 1
  5.44 Trying partition: 1
  5.34 GPT 08dcc9a6b1124140b41a52ace9cca33e 000000001 00ee2afff num-partitions 128 entry-size 128 pentry 2 first 0
  5.35 GPT partition: 0 c12a7328-f81f-11d2-ba4b-00a0c93ec93b 000000800..0001007ff
  5.36 Matched GUID bootable-part-idx 0 want partition 0
  5.69 type: 32 lba: 2048 'mkfs.fat' ' NO NAME    ' clusters 130812 (8)
  5.37 rsc 32 fat-sectors 1024 root dir cluster 2 sectors 0 entries 0
  5.38 FAT32 clusters 130812
  5.86 Read config.txt bytes      163 hnd 0x3349
  5.39 [sdcard] pieeprom.upd not found
  5.92 usb_max_current_enable default 0 max-current 5000
  5.06 Read bcm2712-rpi-5-b.dtb bytes    78765 hnd 0x314e
  5.40 dt-match: compatible: raspberrypi,5-model-b match: brcm,bcm2712
  5.41 dt-match: compatible: brcm,bcm2712 match: brcm,bcm2712
  5.42 MESS:00:00:05.422674:0: *** Restart logging
  5.25 Read /config.txt bytes      163 hnd 0x3349
  5.30 Read /config.txt bytes      163 hnd 0x3349
  5.43 MESS:00:00:05.436998:0: Initial voltage 800000 temp 28487
  5.63 MESS:00:00:05.637586:0: avs_2712: AVS pred 8908 890800 temp 28487
  5.64 MESS:00:00:05.641187:0: vpred 890 mV +0
  5.64 MESS:00:00:05.649876:0: FB framebuffer_swap 1
  5.66 MESS:00:00:05.669255:0: Select resolution HDMI0/2 hotplug 0 max_mode 2
  5.67 MESS:00:00:05.673309:0: Select resolution HDMI1/2 hotplug 0 max_mode 2
  5.68 MESS:00:00:05.689832:0: dtb_file 'bcm2712-rpi-5-b.dtb'
  5.69 Loading 'bcm2712-rpi-5-b.dtb' to 0x00000000 offset 0x100
  5.02 Read bcm2712-rpi-5-b.dtb bytes    78765 hnd 0x314e
  5.42 Read /overlays/overlay_map.dtb bytes     5887 hnd 0x2f80
  5.77 PCIEx1: PWR 0 DET_WAKE 0
  5.86 Read /config.txt bytes      163 hnd 0x3349
  5.01 Read /overlays/disable-bt-pi5.dtbo bytes      271 hnd 0x302e
  5.81 MESS:00:00:05.810892:0: Loaded overlay 'disable-bt-pi5'
  5.82 Read /cmdline.txt bytes        0 hnd 0x0
  5.88 MESS:00:00:05.883673:0: Failed to read command line file 'cmdline.txt'
  6.06 MESS:00:00:06.068802:0: RPM 192, max RPM 288
  6.12 BMD "armstub8-2712.bin" not found
  6.26 fs_open: 'armstub8-2712.bin' 
  6.13 Loading 'kernel8.img' to 0x00000000 offset 0x200000
  7.45 Read kernel8.img bytes 21537424 hnd 0xaff2
  7.05 MESS:00:00:07.057587:0: Kernel relocated to 0x80000
  7.06 MESS:00:00:07.059973:0: Device tree loaded to 0x2efec600 (size 0x13971)
  7.06 PCI1 reset
  7.07 set_reboot_order 0
  7.07 set_reboot_arg1 0
  7.08 USB-OTG disconnect
  7.12 MESS:00:00:07.122276:0: Starting OS 7122 ms
  7.12 MESS:00:00:07.127799:0: 00000040: -> 00000480
  7.12 MESS:00:00:07.129651:0: 00000030: -> 00100080
  7.13 MESS:00:00:07.134364:0: 00000034: -> 00100080
  7.13 MESS:00:00:07.139077:0: 00000038: -> 00100080
  7.14 MESS:00:00:07.143790:0: 0000003c: -> 00100080

NOTICE:  BL31: v2.6(release):v2.6-240-gfc45bc492
NOTICE:  BL31: Built : 12:55:13, Dec  4 2024
{|}PI5_PAD_SELFTEST drive_high=0x06ae2200 drive_low=0x06702000 toggled=true
PI5_OUT_ARM mode=gpio gpio=12 code=0 estop_asserted=false gpio12_ctrl=0x0000f085 gpio12_pad=0x00000056
PI5_BENCH_READY sensor_gpio=23 estop_gpio=24 pwm_gpio=12 initial_estop_asserted=false sensor_status=0x04400000 sensor_ctrl=0x00208085 sensor_pad=0x000000d6 estop_status=0x088e0000 estop_ctrl=0x00308085 pcie_inte=0x01800000 raw=0x00000000 rp1_chip_id=0x20001927 rp1_vendor_device=0x00011de4 rp1_msix_cap=0xb0 rp1_msix_vectors=61 rp1_msix_control=0x803c0011 rp1_msix0_cfg=0x00000009 pcie_link=0x0003e0b0

AXIOM KERNEL METRICS
Boot to init: 252 ms
Kernel heap: 30788 KB
Kernel image: 20 MB

INIT_PROCESS_STARTED pid=1
PI5_BOOT_OK
USERCOPY_EFAULT_OK
UNKNOWN_SYSCALL_ENOSYS_OK
NANOSLEEP_WAITQ_BENCH_NS=338594648
NANOSLEEP_WAITQ_OK
NANOSLEEP_INTERRUPT_OK
PIPE_WAIT_READER_DATA_OK
PIPE_WAIT_READER_EOF_OK
PIPE_WAITQ_OK
CHILD_WAIT_BEFORE_EXIT_OK
CHILD_EXIT_BEFORE_WAIT_OK
LIFECYCLE_EXIT_WAIT_OK
LIFECYCLE_FAULT_WAIT_OK
LIFECYCLE_EXEC_REJECT_OK
Hello from parent, waiting for child...
Hello from child!
Child exited with 42! Success.
LIFECYCLE_EXEC_WAIT_OK
BPF_FOREIGN_OWNER_DENY_OK
=== axiomos eBPF init ===
Spawning /bin/signed_bpf_loader...
SIGNED_BPF_LOAD_OK
Spawned PID: 14
PI5_GPIO_IRQ_DIAG pending_before=0x00800000 sensor_events=0x00a00000 handled=1 pending_after=0x00000000
PI5_GPIO_IRQ_PROVEN pin=23 pending_before=0x00800000 pending_after=0x00000000
